Turbo Assembler	 Version 2.51	     04/20/21 00:31:00	    Page 1
mlab1.asm



      1					 ;*******************************************************************************************
      2					 ********
      3					 ; MLAB1.ASM - учебный пример для выполнения
      4					 ; лабораторной	работы N1 по машинно-ориентированному программированию
      5					 ; 10.09.02: Негода В.Н.
      6					 ;*******************************************************************************************
      7					 ********
      8	    0000				 .MODEL	SMALL
      9	    0000				 .STACK	200h
     10						 .386
     11					 ;	 Используются декларации констант и макросов
     12						 INCLUDE MLAB1.INC
1    13					 ;*********************************************************
1    14					 ; Константы для учебного примера лабораторной работы N	1  *
1    15					 ; по МОП. 10.09.02: Негода В.Н.			   *
1    16					 ;*********************************************************
1    17
1    18		  = 001B		 CHESC	 = 1Bh
1    19		  = 000D		 CHCR	 = 13
1    20		  = 003D		 CHSEP	 = '='
1    21		  = 0060		 CHCOMMA = '`'
1    22		  = 000A		 CHLF	 = 10
1    23		  = 0021		 DOSFU	 = 21h
1    24		  = 0002		 FUPUTC	 = 2
1    25		  = 0008		 FUGETCH = 8
1    26		  = 000A		 FUGETS	 = 0Ah
1    27		  = 004C		 FUEXIT	 = 4Ch
1    28		  = 0000		 PAUSE_L = 0000	 ; Младшее слово стартового значения паузы
1    29		  = 0000		 PAUSE_H = 0	 ; Старшее слово
1    30		  = 0012		 LENNUM	 = 18	 ; Число символов в строке десятичного числа
1    31		  = 0009		 LENPACK = 9	 ; Упаковонное в два раза короче
1    32
1    33
     34						 INCLUDE MLAB1.MAC
1    35					 ;*********************************************************
1    36					 ; Макросы для учебного	примера	лабораторной работы N 1	   *
1    37					 ; по МОП. 10.09.02: Негода В.Н.			   *
1    38					 ;*********************************************************
1    39
1    40					 ; Макрос вывода строки	LINE
1    41					 PUTL	 MACRO LINE
1    42					   PUSH	EAX
1    43						 LEA   SI,   LINE
1    44						 XOR   CX,   CX
1    45						 XOR   DX,   DX
1    46						 XOR   AX,   AX
1    47						 CALL  PUTSS
1    48					   POP EAX
1    49						 ENDM
1    50
1    51					 ; Макрос вывода строки	LINE с задержкой PAUSE
1    52					 PUTLS	 MACRO LINE
1    53						 XOR   AX,   AX
1    54						 LEA   SI,   LINE
1    55						 MOV   DX,   PAUSE
1    56						 MOV   CX,   PAUSE+2
1    57						 CALL  PUTSS
Turbo Assembler	 Version 2.51	     04/20/21 00:31:00	    Page 2
mlab1.asm



1    58						 ENDM
1    59
1    60					 ; Как и PUTLS,	но с центрированием посередине
1    61					 PUTLSC	 MACRO LINE
1    62						 LOCAL LO, NOMARG
1    63						 LEA   SI,   LINE
1    64						 CALL  SLEN
1    65						 MOV   CX, 80
1    66						 SUB   CX, AX
1    67						 SAR   CX,  1
1    68						 JZ    NOMARG
1    69					 LO:	 MOV   AL, ' '
1    70						 CALL  PUTC
1    71						 LOOP  LO
1    72					 NOMARG: PUTLS LINE
1    73						 ENDM
1    74
1    75					 ; Макрос фиксации начала измерения времени
1    76					 ; Заносит в стек младшее слово	числа тактов системных часов
1    77					 FIXTIME MACRO
1    78						 DB	 0Fh, 31h; Команда RDTSC чтения	счетчика тактов
1    79						 PUSH	 EDX
1    80						 PUSH	 EAX
1    81						 ENDM
1    82
1    83					 ; Макрос получения в <EDX,EAX>	числа тактов, прошедших	с последнего
1    84					 ; момента фиксации времени. Извлекает продукт FIXTIME из стека
1    85					 DURAT	 MACRO
1    86						 DB	 0Fh, 31h; Команда RDTSC чтения	счетчика тактов
1    87						 POP	 EBX
1    88						 SUB	 EAX,	 EBX
1    89						 POP	 EBX
1    90						 SBB	 EDX,	 EBX
1    91						 ENDM
1    92
1    93					 ; Макрос завершения программы
1    94					 EXIT	 MACRO
1    95						 MOV	 AH, FUEXIT
1    96						 MOV	 AL, 0
1    97						 INT	 DOSFU
1    98						 ENDM
1    99
    100
    101					 ; Декларации данных
    102	    0000				 .DATA
    103	    0000  02EE*(00)		 STR_ARR DB 750	DUP (0)
    104	    02EE  0000001E		 WORD_LEN DD 30
    105	    02F2  00000000		 COUNTER_STR_ARR DD 0
    106	    02F6  00000000		 COUNTER_LINE DD 0
    107	    02FA  00000000		 COUNTER_4_OUT DD 0
    108	    02FE  00000019		 MAX_STR_ARR DD	25
    109	    0302  0000000A		 MAX_STR DD 10
    110	    0306  46			 MYBUF DB 70
    111	    0307  41 42	43 44 00	 A DB 'ABCD', 0
    112	    030C  46*(00)		 B DB 70 DUP (0)
    113	    0352  00			 EMPTYS	 DB	 0
    114	    0353  80*(00)		 EM db 128 dup(0)
Turbo Assembler	 Version 2.51	     04/20/21 00:31:00	    Page 3
mlab1.asm



    115	    03D3  48 45	4C 4C 4F 20 57+	 INPUT DB 'HELLO WORLD MY DEAR FREIND',	0
    116		  4F 52	4C 44 20 4D 59+
    117		  20 44	45 41 52 20 46+
    118		  52 45	49 4E 44 00
    119					 ;========================= Программа =========================
    120	    03EE				 .CODE
    121	    0000				 BEGIN	 LABEL	 NEAR
    122
    123						 ; инициализация сегментного регистра
    124	    0000  B8 0000s			 MOV	 AX,	 @DATA
    125	    0003  8E D8				 MOV	 DS,	 AX
    126
    127	    0005			   TREAT_LINE:
    128	    0005  66| A1 02F6r		     MOV EAX, COUNTER_LINE
    129	    0009  66| 8B 1E 0302r	     MOV EBX, MAX_STR
    130	    000E  66| 3B C3		     CMP EAX, EBX
    131	    0011  7D 41	90 90		     JGE PRINT_ARR
    132
    133	    0015  66| 8D 16 0306r	     LEA EDX, [MYBUF]
    134	    001A  E8 0000e		     CALL GETS
    135	    001D  E8 0080		     CALL TREAT_STR
    136
    137					     PUTL EMPTYS
1   138	    0020  66| 50		   PUSH	EAX
1   139	    0022  BE 0352r			 LEA   SI,   EMPTYS
1   140	    0025  33 C9				 XOR   CX,   CX
1   141	    0027  33 D2				 XOR   DX,   DX
1   142	    0029  33 C0				 XOR   AX,   AX
1   143	    002B  E8 0000e			 CALL  PUTSS
1   144	    002E  66| 58		   POP EAX
    145	    0030  66| 8B 0E 02F6r	     MOV ECX, COUNTER_LINE
    146	    0035  66| 41		     INC ECX
    147	    0037  66| 89 0E 02F6r	     MOV COUNTER_LINE, ECX
    148
    149	    003C  66| 33 C9		     XOR ECX, ECX
    150	    003F  66| 33 D2		     XOR EDX, EDX
    151
    152	    0042  EB C1			     JMP TREAT_LINE
    153
    154
    155	    0044			   OUTPUT:
    156					   PUTL	EMPTYS
1   157	    0044  66| 50		   PUSH	EAX
1   158	    0046  BE 0352r			 LEA   SI,   EMPTYS
1   159	    0049  33 C9				 XOR   CX,   CX
1   160	    004B  33 D2				 XOR   DX,   DX
1   161	    004D  33 C0				 XOR   AX,   AX
1   162	    004F  E8 0000e			 CALL  PUTSS
1   163	    0052  66| 58		   POP EAX
    164	    0054			     PRINT_ARR:
    165					       ; PUTL EMPTYS
    166	    0054  66| 8B 1E 02F2r	       MOV EBX,	COUNTER_STR_ARR
    167	    0059  66| A1 02FAr		       MOV EAX,	COUNTER_4_OUT
    168	    005D  66| 3B C3		       CMP EAX,	EBX
    169	    0060  0F 8D	0108		       JGE @@E
    170					       ;--------------------------
    171	    0064  E8 00CE		       CALL PRINT_HEX_COUNTER
Turbo Assembler	 Version 2.51	     04/20/21 00:31:00	    Page 4
mlab1.asm



    172
    173	    0067  66| 50		       PUSH EAX
    174	    0069  66| B8 0000003A	       MOV EAX,	':'
    175	    006F  E8 0000e		       CALL PUTC
    176	    0072  66| 58		       POP EAX
    177
    178	    0074  66| A1 02FAr		       MOV EAX,	COUNTER_4_OUT
    179	    0078  66| 8B 0E 02EEr	       MOV ECX,	WORD_LEN
    180	    007D  66| F7 E1		       MUL ECX
    181	    0080  66| 8D 36 0000r	       LEA ESI,	STR_ARR
    182	    0085  66| 03 F0		       ADD ESI,	EAX
    183	    0088  66| 33 C9		       XOR ECX,	ECX
    184	    008B  66| 33 D2		       XOR EDX,	EDX
    185	    008E  E8 0000e		       CALL PUTSS
    186
    187	    0091  66| A1 02FAr		       MOV EAX,	COUNTER_4_OUT
    188	    0095  66| 40		       INC EAX
    189	    0097  66| A3 02FAr		       MOV COUNTER_4_OUT, EAX
    190					       ;-----------------------------------
    191	    009B  EB B7			       JMP PRINT_ARR
    192
    193
    194
    195
    196					   ; PUTL EMPTYS
    197					   ; LEA ESI, STR_ARR
    198					   ; CALL PUTSS
    199					   ;
    200					   ; PUTL EMPTYS
    201					   ; LEA ESI, STR_ARR
    202					   ; MOV EAX, WORD_LEN
    203					   ; ADD ESI, EAX
    204					   ; CALL PUTSS
    205
    206
    207
    208					   ;
    209					   ; XOR ECX, ECX
    210					   ; XOR EDX, EDX
    211					   ;
    212					   ; XOR EAX, EAX
    213					   ; MOV AL, A
    214					   ; MOV BX, 2
    215					   ; ADD BX, 0
    216					   ; MOV B[BX],	AL
    217					   ; INC AL
    218					   ;
    219					   ; ; lea bx, B
    220					   ; ; INC BX
    221					   ; ; MOV [BX], AL
    222					   ; ; ; MOV B + 1, AL
    223					   ; ; MOV AL, B
    224					   ; ; CALL PUTC
    225					   ; PUTL EMPTYS
    226					   ; MOV BX, 2
    227					   ; MOV AL, B[BX]
    228					   ; ; INC AL
Turbo Assembler	 Version 2.51	     04/20/21 00:31:00	    Page 5
mlab1.asm



    229					   ; CALL PUTC
    230					   ; ;
    231					   ; PUTL EMPTYS
    232					   ; LEA EDX, [MYBUF]
    233					   ; CALL GETS
    234					   ; PUTL EMPTYS
    235					   ; MOV AL, MYBUF[1]
    236					   ; ADD AL, 48
    237					   ; CALL PUTC
    238					   ; PUTL EMPTYS
    239					   ; MOV EAX, 4
    240					   ; ADD EAX, COUNTER2
    241					   ; ADD EAX, 48
    242					   ; CALL PUTC
    243					   ;
    244					   ; XOR ECX, ECX
    245					   ;
    246					   ; CMP AL, CHCR
    247					   ; JNE @@E
    248					   ; PUTL A
    249	    009D  E9 00CC		   JMP @@E
    250
    251	    00A0			   TREAT_STR PROC NEAR
    252	    00A0  66| 33 C9		     XOR ECX, ECX
    253	    00A3  66| 33 C0		     XOR EAX, EAX
    254	    00A6  66| 33 D2		     xor edx, edx
    255	    00A9  66| 33 FF		     XOR EDI, EDI
    256	    00AC  66| 42		     INC EDX
    257	    00AE  8A 0E	0307r		     MOV CL, MYBUF[1]
    258	    00B2  80 C1	02		     ADD CL, 2
    259	    00B5  66| BB 00000002	     mov ebx, 2
    260	    00BB			     TREAT_CHAR:
    261	    00BB  8A 97	0306r		       MOV DL, MYBUF[BX]
    262	    00BF  3A D9			       CMP BL, CL
    263	    00C1  7D 56	90 90		       JGE GET_OUT
    264
    265	    00C5  80 FA	20		       CMP DL, ' '
    266	    00C8  74 32	90 90		       JE NEW_WORD
    267
    268	    00CC  80 FA	21		       CMP DL, '!' ; SIGN OF INPUT END
    269	    00CF  74 55	90 90		       JE OUT_OF_INPUT
    270
    271					       ;ESI - INDEX OF ARRAY, EDI - INDEX OF CHAR
    272	    00D3  66| 8B 36 02F2r	       MOV ESI,	COUNTER_STR_ARR
    273
    274	    00D8  66| 50		       PUSH EAX
    275	    00DA  66| 52		       PUSH EDX
    276	    00DC  66| A1 02EEr		       MOV EAX,	WORD_LEN
    277	    00E0  66| 8B 36 02F2r	       MOV ESI,	COUNTER_STR_ARR
    278	    00E5  66| F7 E6		       MUL ESI
    279	    00E8  66| 8B F0		       MOV ESI,	EAX
    280	    00EB  66| 5A		       POP EDX
    281	    00ED  66| 58		       POP EAX
    282
    283	    00EF  66| 03 F7		       ADD ESI,	EDI
    284	    00F2  88 94	0000r		       MOV STR_ARR[SI],	DL ;ЗАПИСАТЬ СИМВОЛ
    285	    00F6  66| 47		       INC EDI
Turbo Assembler	 Version 2.51	     04/20/21 00:31:00	    Page 6
mlab1.asm



    286
    287	    00F8			       INCREAMENTING:
    288	    00F8  66| 43			 INC EBX
    289	    00FA  EB BF				 JMP TREAT_CHAR
    290
    291	    00FC			       NEW_WORD:
    292	    00FC  66| 8B 3E 02FEr		 MOV EDI, MAX_STR_ARR
    293	    0101  66| 8B 36 02F2r		 MOV ESI, COUNTER_STR_ARR
    294	    0106  66| 3B F7			 CMP ESI, EDI
    295	    0109  7D 0E	90 90			 JGE GET_OUT
    296	    010D  66| 46			 INC ESI
    297	    010F  66| 89 36 02F2r		 MOV COUNTER_STR_ARR, ESI
    298
    299	    0114  66| 33 FF			 XOR EDI, EDI
    300	    0117  EB DF				 JMP INCREAMENTING
    301
    302	    0119			     GET_OUT:
    303	    0119  66| 8B 36 02F2r	     MOV ESI, COUNTER_STR_ARR
    304	    011E  66| 46		     INC ESI
    305	    0120  66| 89 36 02F2r	     MOV COUNTER_STR_ARR, ESI
    306	    0125  C3			     RET
    307
    308	    0126			     OUT_OF_INPUT:
    309	    0126  66| 8B 36 02F2r	     MOV ESI, COUNTER_STR_ARR
    310	    012B  66| 46		     INC ESI
    311	    012D  66| 89 36 02F2r	     MOV COUNTER_STR_ARR, ESI
    312	    0132  E9 FF0F		     JMP OUTPUT
    313
    314	    0135			   TREAT_STR  ENDP
    315
    316
    317	    0135			   PRINT_HEX_COUNTER PROC NEAR ; EAX - NUMBER TO CONVERT
    318	    0135  66| 33 D2		      xor edx, edx
    319	    0138  66| 33 C9		      xor ecx, ecx
    320	    013B  66| BB 00000010	      mov ebx, 16
    321	    0141			      parse:
    322	    0141  66| 33 D2			  xor edx, edx
    323	    0144  66| F7 F3			  div ebx
    324	    0147  66| 52			  push edx
    325	    0149  66| 41			  inc ecx
    326	    014B  66| 83 F8 00			  cmp eax, 0
    327	    014F  7F F0				  jg parse
    328	    0151			      print_hex:
    329	    0151  66| 58			  pop eax
    330	    0153  66| 83 F8 0A			  cmp eax, 10
    331	    0157  7D 09	90 90			  jge isLetter
    332	    015B  66| 83 C0 30			  add eax, 48
    333	    015F  EB 05	90			  jmp print_hex_char
    334
    335	    0162				  isLetter:
    336	    0162  66| 83 C0 37			  add eax, 55
    337
    338	    0166				  print_hex_char:
    339	    0166  E8 0000e			  CALL PUTC
    340	    0169  E2 E6				  loop print_hex
    341	    016B  C3			     ret
    342	    016C			   PRINT_HEX_COUNTER ENDP
Turbo Assembler	 Version 2.51	     04/20/21 00:31:00	    Page 7
mlab1.asm



    343					  ;ввод	числа Х
    344					 ;   PUTL	 EMPTYS
    345					 ;   LEA ESI, INPUT_X_STR
    346					 ;   CALL PUTSS
    347					 ;
    348					 ;   ;записать EAX в X переменную
    349					 ;   LEA EDI, X
    350					 ;   CALL READ_NUM
    351					 ;   PUTL EMPTYS
    352					 ;   ; ВЫВОД В 10 ЧНОЙ ВИДЕ ЧИСЛА
    353					 ;   MOV EAX, X
    354					 ;   CALL PRINT_DEC
    355					 ;   PUTL EMPTYS
    356					 ;
    357					 ;   ;ввод числа У
    358					 ;   ; XOR EDI,	EDI
    359					 ;   LEA ESI, INPUT_Y_STR
    360					 ;   CALL PUTSS
    361					 ;  ;записать EAX в У переменную
    362					 ;   LEA EDI, Y
    363					 ;   CALL READ_NUM
    364					 ;   PUTL EMPTYS
    365					 ;
    366					 ;   ; ВЫВОД В 10 ЧНОЙ ВИДЕ ЧИСЛА
    367					 ;   MOV EAX, Y
    368					 ;   CALL PRINT_DEC
    369					 ;   PUTL EMPTYS
    370					 ;
    371					 ;   LEA ESI, FUNCTION
    372					 ;   CALL PUTSS
    373					 ;   LEA ESI, Z_STR
    374					 ;   CALL PUTSS
    375					 ;   LEA ESI, Z3
    376					 ;   CALL PUTSS
    377					 ;   LEA ESI, Z2
    378					 ;   CALL PUTSS
    379					 ;   LEA ESI, Z7
    380					 ;   CALL PUTSS
    381					 ;
    382					 ;   ;-------------------------------------------------
    383					 ;   ; начало подсчета
    384					 ;   ; берем х1-х4 биты
    385					 ;   MOV EAX, X
    386					 ;   AND EAX, 11110b ;маска на х1-х4 бита
    387					 ;
    388					 ;   ;СРАВНИТЬ Х1-Х4 БИТА НА СООТВЕТСТВИЕ ЛЖИ ИЗ ТАБЛИЧНЫХ
    389					 ;   CMP EAX, 100b
    390					 ;   JE	FALSE
    391					 ;   CMP EAX, 1100b
    392					 ;   JE	FALSE
    393					 ;   CMP EAX, 10b
    394					 ;   JE	FALSE
    395					 ;   CMP EAX, 10010b
    396					 ;   JE	FALSE
    397					 ;   CMP EAX, 110b
    398					 ;   JE	FALSE
    399					 ;   ; ИНАЧЕ ПРЫЖОК НА ВЫОПЛЕНИЕ ЕСЛИ ЗНАЧЕНИЕ ИСТИНА ИЗ ТАБИЛЦЫ
Turbo Assembler	 Version 2.51	     04/20/21 00:31:00	    Page 8
mlab1.asm



    400					 ;   JMP TRUE
    401					 ;
    402					 ; ; вычисление	Z если истинна или ложь	соответственно
    403					 ; TRUE:
    404					 ;   LEA ESI, F1
    405					 ;   CALL PUTSS
    406					 ;   MOV EAX, X
    407					 ;   SHR EAX, 2
    408					 ;   MOV EBX, Y
    409					 ;   SHL EBX, 2
    410					 ;   ADD EAX, EBX
    411					 ;   MOV Z, EAX
    412					 ;   JMP CHANGE_Z
    413					 ; FALSE:
    414					 ;   LEA ESI, F0
    415					 ;   CALL PUTSS
    416					 ;   MOV EAX, X
    417					 ;   SHR EAX, 3
    418					 ;   MOV EBX, Y
    419					 ;   SUB EAX, EBX
    420					 ;   MOV Z, EAX
    421					 ;
    422					 ;
    423					 ;
    424					 ; CHANGE_Z:
    425					 ;   XOR ECX, ECX
    426					 ;   XOR EDX, EDX
    427					 ;   LEA ESI, Z_BEFORE_DEC
    428					 ;   CALL PUTSS
    429					 ;   MOV EAX, Z
    430					 ;   CALL PRINT_DEC
    431					 ;   PUTL EMPTYS
    432					 ;   PUTL EMPTYS
    433					 ;
    434					 ;   XOR ECX, ECX
    435					 ;   XOR EDX, EDX
    436					 ;   LEA ESI, Z_BEFORE_BIN
    437					 ;   CALL PUTSS
    438					 ;   MOV EAX, Z
    439					 ;   CALL PRINT_BIN
    440					 ;   PUTL EMPTYS
    441					 ;   PUTL EMPTYS
    442					 ;
    443					 ;
    444					 ;
    445					 ;   ; ИЗМЕНЕНИЕ 3 БИТА
    446					 ;   MOV EAX, Z
    447					 ;   XOR EAX, 1000b ; ИНВЕРСИЯ 3 БИТА
    448					 ;
    449					 ;   ;----------------------------------------
    450					 ;   ;ИЗМЕНЕНИЕ	7 БИТА
    451					 ;
    452					 ;   MOV EBX, EAX
    453					 ;   AND EBX, 10000000b	   ; МАСКА 7 БИТА
    454					 ;   SHR EBX, 7	   ; В EBX ЗНАЧЕНИЕ БИТА Z7
    455					 ;
    456					 ;   MOV ECX, EAX
Turbo Assembler	 Version 2.51	     04/20/21 00:31:00	    Page 9
mlab1.asm



    457					 ;   AND ECX, 100000000b    ; МАСКА 8 БИТА
    458					 ;   SHR ECX, 8	   ; В EBX ЗНАЧЕНИЕ БИТА Z8
    459					 ;
    460					 ;   AND EBX, ECX  ; ВЫЧИСЛЕНИЕ	Z7&=Z8
    461					 ;   SHL EBX, 7	   ; ВЫДВИГАЕМ ЗНАЧЕНИЕ	ОПЕРАЦИИ В ПОЗИЦИЮ Z7
    462					 ;   CMP EBX, 0
    463					 ;   JE	WRITE_0_Z7
    464					 ;   WRITE_1_Z7:
    465					 ;   OR	EAX, EBX  ; ЗАНЕСЕНИЕ РЕЗУЛЬТАТА EBX В EAX
    466					 ;   JMP CNT
    467					 ;   WRITE_0_Z7:
    468					 ;   OR	EBX, 10000000b	; СТАВИМ В EBX НА 7 БИТ	ЕДИНИЦУ
    469					 ;   NOT EBX
    470					 ;   AND EAX, EBX ; ЗАНЕСЕНИЕ РЕЗУЛЬТАТА EBX В EAX
    471					 ;
    472					 ;   CNT:
    473					 ;
    474					 ;   ;----------------------------------------
    475					 ;   ; ИЗМЕНЕНИЕ 2 БИТА
    476					 ;   MOV EBX, EAX
    477					 ;   AND EBX, 100b  ; маска 2 бита
    478					 ;   SHR EBX, 2	   ; В EBX ЗНАЧЕНИЕ БИТА Z2
    479					 ;
    480					 ;   MOV ECX, EAX
    481					 ;   AND ECX, 10000000000000000000b   ;	маска 19 бита
    482					 ;   SHR ECX, 19   ; В ECX ЗНАЧЕНИЕ БИТА Z19
    483					 ;
    484					 ;   OR	EBX, ECX  ; ВЫЧИСЛЕНИЕ Z2|=Z19
    485					 ;   SHL EBX, 2	   ; ВЫДВИГАЕМ ЗНАЧЕНИЕ	ОПЕРАЦИИ В ПОЗИЦИЮ Z2
    486					 ;   OR	EAX, EBX  ; ЗАНЕСЕНИЕ РЕЗУЛЬТАТА EBX В EAX
    487					 ;
    488					 ;
    489					 ;   MOV Z, EAX
    490					 ;
    491					 ;   XOR ECX, ECX
    492					 ;   XOR EDX, EDX
    493					 ;   LEA ESI, Z_AFTER_DEC
    494					 ;   CALL PUTSS
    495					 ;   MOV EAX, Z
    496					 ;   CALL PRINT_DEC
    497					 ;   PUTL EMPTYS
    498					 ;   PUTL EMPTYS
    499					 ;
    500					 ;
    501					 ;   XOR ECX, ECX
    502					 ;   XOR EDX, EDX
    503					 ;   LEA ESI, Z_AFTER_BIN
    504					 ;   CALL PUTSS
    505					 ;   MOV EAX, Z
    506					 ;   CALL PRINT_BIN
    507					 ;   PUTL EMPTYS
    508					 ;   PUTL EMPTYS
    509					 ;
    510					 ;
    511					 ; JMP @@E
    512					 ;
    513					 ; ERROR_NUM:
Turbo Assembler	 Version 2.51	     04/20/21 00:31:00	    Page 10
mlab1.asm



    514					 ;   PUTL EMPTYS
    515					 ;   LEA ESI, ERROR_NUM_STR
    516					 ;   XOR EAX, EAX
    517					 ;   XOR EDX, EDX
    518					 ;   XOR ECX, ECX
    519					 ;   CALL PUTSS
    520					 ;   JMP @@E
    521					 ;
    522					 ; ; RESULT IN EAX , STRING WITH BINARY	NUMBER IN MYBUFF
    523					 ; READ_NUM PROC NEAR
    524					 ;   LEA EDX, [MYBUF]
    525					 ;   CALL GETS
    526					 ;   xor eax, eax
    527					 ;   xor ebx, ebx
    528					 ;   ADD EDX, 1
    529					 ;   MOV CL, [EDX]
    530					 ;   ADD EDX, 1
    531					 ;   l1:
    532					 ;	mov bl,	[EDX]
    533					 ;	sub bl,	48
    534					 ;	CMP BL,	0
    535					 ;	JE CONTINUE
    536					 ;	CMP BL,	1
    537					 ;	JNE ERROR_NUM
    538					 ;	CONTINUE:
    539					 ;	  add EAX, EBX
    540					 ;	  shl EAX, 1
    541					 ;	  inc EDX
    542					 ;	 LOOP L1
    543					 ;   shr EAX,1
    544					 ; ; PUT EAX VALUE INTO	VARIABLE WITH EDI ADDRESS
    545					 ;   MOV [EDI],	EAX
    546					 ;   RET
    547					 ; READ_NUM ENDP
    548					 ;
    549					 ; ; WRITE DEC NUMBER FROM EAX
    550					 ; PRINT_DEC PROC NEAR
    551					 ;   ; PUSH EAX
    552					 ;   ; PUTL EMPTYS
    553					 ;   ; POP EAX
    554					 ;   MOV EBX, 10
    555					 ;   XOR ECX, ECX
    556					 ;   DIVISION:
    557					 ;     XOR EDX,	EDX
    558					 ;     DIV EBX
    559					 ;     ADD EDX,	48
    560					 ;     push EDX
    561					 ;     ADD ECX,	1
    562					 ;     CMP EAX,	0
    563					 ;     JG DIVISION
    564					 ;   PRINT:
    565					 ;     XOR EAX,	EAX
    566					 ;     POP EAX
    567					 ;     CALL PUTC
    568					 ;     LOOP PRINT
    569					 ;     RET
    570					 ;   PRINT_DEC ENDP
Turbo Assembler	 Version 2.51	     04/20/21 00:31:00	    Page 11
mlab1.asm



    571					 ;
    572					 ;   ; WRITE DEC NUMBER	FROM EAX
    573					 ;   PRINT_BIN PROC NEAR
    574					 ;     ; PUSH EAX
    575					 ;     ; PUTL EMPTYS
    576					 ;     ; POP EAX
    577					 ;     MOV EBX,	2
    578					 ;     XOR ECX,	ECX
    579					 ;     DIVISION_BIN:
    580					 ;	 XOR EDX, EDX
    581					 ;	 DIV EBX
    582					 ;	 ADD EDX, 48
    583					 ;	 push EDX
    584					 ;	 ADD ECX, 1
    585					 ;	 CMP EAX, 0
    586					 ;	 JG DIVISION_BIN
    587					 ;     MOV EBX,	ECX
    588					 ;     SUB EBX,	20
    589					 ;     PRINT_ZEROS:
    590					 ;	 MOV AL, '0'
    591					 ;	 CALL PUTC
    592					 ;	 INC EBX
    593					 ;	 CMP EBX, 0
    594					 ;	 JL PRINT_ZEROS
    595					 ;     PRINT_B:
    596					 ;	 XOR EAX, EAX
    597					 ;	 POP EAX
    598					 ;	 CALL PUTC
    599					 ;	 LOOP PRINT_B
    600					 ;	 RET
    601					 ;     PRINT_BIN ENDP
    602
    603						 ; Выход из программы
    604	    016C			 @@E:	 EXIT
1   605	    016C  B4 4C				 MOV	 AH, FUEXIT
1   606	    016E  B0 00				 MOV	 AL, 0
1   607	    0170  CD 21				 INT	 DOSFU
    608						 EXTRN	 PUTSS:	 NEAR
    609						 EXTRN	 PUTC:	 NEAR
    610						 EXTRN	 GETCH:	 NEAR
    611						 EXTRN	 GETS:	 NEAR
    612						 EXTRN	 SLEN:	 NEAR
    613						 EXTRN	 UTOA10: NEAR
    614						 END	 BEGIN
Turbo Assembler	 Version 2.51	     04/20/21 00:31:00	    Page 12
Symbol Table




Symbol Name			  Type	 Value

??DATE				  Text	 "04/20/21"
??FILENAME			  Text	 "mlab1	  "
??TIME				  Text	 "00:31:00"
??VERSION			  Number 0205
@@E				  Near	 _TEXT:016C
@CODE				  Text	 _TEXT
@CODESIZE			  Text	 0
@CPU				  Text	 0D0FH
@CURSEG				  Text	 _TEXT
@DATA				  Text	 DGROUP
@DATASIZE			  Text	 0
@FILENAME			  Text	 MLAB1
@MODEL				  Text	 2
@WORDSIZE			  Text	 2
A				  Byte	 DGROUP:0307
B				  Byte	 DGROUP:030C
BEGIN				  Near	 _TEXT:0000
CHCOMMA				  Number 0060
CHCR				  Number 000D
CHESC				  Number 001B
CHLF				  Number 000A
CHSEP				  Number 003D
COUNTER_4_OUT			  Dword	 DGROUP:02FA
COUNTER_LINE			  Dword	 DGROUP:02F6
COUNTER_STR_ARR			  Dword	 DGROUP:02F2
DOSFU				  Number 0021
EM				  Byte	 DGROUP:0353
EMPTYS				  Byte	 DGROUP:0352
FUEXIT				  Number 004C
FUGETCH				  Number 0008
FUGETS				  Number 000A
FUPUTC				  Number 0002
GETCH				  Near	 _TEXT:---- Extern
GETS				  Near	 _TEXT:---- Extern
GET_OUT				  Near	 _TEXT:0119
INCREAMENTING			  Near	 _TEXT:00F8
INPUT				  Byte	 DGROUP:03D3
ISLETTER			  Near	 _TEXT:0162
LENNUM				  Number 0012
LENPACK				  Number 0009
MAX_STR				  Dword	 DGROUP:0302
MAX_STR_ARR			  Dword	 DGROUP:02FE
MYBUF				  Byte	 DGROUP:0306
NEW_WORD			  Near	 _TEXT:00FC
OUTPUT				  Near	 _TEXT:0044
OUT_OF_INPUT			  Near	 _TEXT:0126
PARSE				  Near	 _TEXT:0141
PAUSE_H				  Number 0000
PAUSE_L				  Number 0000
PRINT_ARR			  Near	 _TEXT:0054
PRINT_HEX			  Near	 _TEXT:0151
PRINT_HEX_CHAR			  Near	 _TEXT:0166
PRINT_HEX_COUNTER		  Near	 _TEXT:0135
PUTC				  Near	 _TEXT:---- Extern
Turbo Assembler	 Version 2.51	     04/20/21 00:31:00	    Page 13
Symbol Table



PUTSS				  Near	 _TEXT:---- Extern
SLEN				  Near	 _TEXT:---- Extern
STR_ARR				  Byte	 DGROUP:0000
TREAT_CHAR			  Near	 _TEXT:00BB
TREAT_LINE			  Near	 _TEXT:0005
TREAT_STR			  Near	 _TEXT:00A0
UTOA10				  Near	 _TEXT:---- Extern
WORD_LEN			  Dword	 DGROUP:02EE

Macro Name

DURAT
EXIT
FIXTIME
PUTL
PUTLS
PUTLSC

Groups & Segments		  Bit Size Align  Combine Class

DGROUP				  Group
  STACK				  16  0200 Para	  Stack	  STACK
  _DATA				  16  03EE Word	  Public  DATA
_TEXT				  16  0172 Word	  Public  CODE
